// Jest Snapshot v1, https://goo.gl/fbAQLP

exports[`Atoms/ArticleHeader should render as expected 1`] = `ShallowWrapper {}`;
